/home/oriane/vrx_ws/src/Aquabot-Competitor/keikoBot/install/lib/python3.10/site-packages/qr_code_V2_pkg/qr_code_reader.py
/home/oriane/vrx_ws/src/Aquabot-Competitor/keikoBot/install/lib/python3.10/site-packages/qr_code_V2_pkg/__init__.py
/home/oriane/vrx_ws/src/Aquabot-Competitor/keikoBot/install/lib/python3.10/site-packages/qr_code_V2_pkg/qr_code_detector.py
/home/oriane/vrx_ws/src/Aquabot-Competitor/keikoBot/install/lib/python3.10/site-packages/qr_code_V2_pkg/wind_turbine_perimeter.py
/home/oriane/vrx_ws/src/Aquabot-Competitor/keikoBot/install/lib/python3.10/site-packages/qr_code_V2_pkg/__pycache__/qr_code_reader.cpython-310.pyc
/home/oriane/vrx_ws/src/Aquabot-Competitor/keikoBot/install/lib/python3.10/site-packages/qr_code_V2_pkg/__pycache__/__init__.cpython-310.pyc
/home/oriane/vrx_ws/src/Aquabot-Competitor/keikoBot/install/lib/python3.10/site-packages/qr_code_V2_pkg/__pycache__/qr_code_detector.cpython-310.pyc
/home/oriane/vrx_ws/src/Aquabot-Competitor/keikoBot/install/lib/python3.10/site-packages/qr_code_V2_pkg/__pycache__/wind_turbine_perimeter.cpython-310.pyc
/home/oriane/vrx_ws/src/Aquabot-Competitor/keikoBot/install/share/ament_index/resource_index/packages/qr_code_V2_pkg
/home/oriane/vrx_ws/src/Aquabot-Competitor/keikoBot/install/share/qr_code_V2_pkg/package.xml
/home/oriane/vrx_ws/src/Aquabot-Competitor/keikoBot/install/lib/python3.10/site-packages/qr_code_V2_pkg-0.0.1-py3.10.egg-info/SOURCES.txt
/home/oriane/vrx_ws/src/Aquabot-Competitor/keikoBot/install/lib/python3.10/site-packages/qr_code_V2_pkg-0.0.1-py3.10.egg-info/top_level.txt
/home/oriane/vrx_ws/src/Aquabot-Competitor/keikoBot/install/lib/python3.10/site-packages/qr_code_V2_pkg-0.0.1-py3.10.egg-info/dependency_links.txt
/home/oriane/vrx_ws/src/Aquabot-Competitor/keikoBot/install/lib/python3.10/site-packages/qr_code_V2_pkg-0.0.1-py3.10.egg-info/PKG-INFO
/home/oriane/vrx_ws/src/Aquabot-Competitor/keikoBot/install/lib/python3.10/site-packages/qr_code_V2_pkg-0.0.1-py3.10.egg-info/entry_points.txt
/home/oriane/vrx_ws/src/Aquabot-Competitor/keikoBot/install/lib/python3.10/site-packages/qr_code_V2_pkg-0.0.1-py3.10.egg-info/requires.txt
/home/oriane/vrx_ws/src/Aquabot-Competitor/keikoBot/install/lib/python3.10/site-packages/qr_code_V2_pkg-0.0.1-py3.10.egg-info/zip-safe
/home/oriane/vrx_ws/src/Aquabot-Competitor/keikoBot/install/lib/qr_code_V2_pkg/qr_code_detector
/home/oriane/vrx_ws/src/Aquabot-Competitor/keikoBot/install/lib/qr_code_V2_pkg/qr_code_reader
/home/oriane/vrx_ws/src/Aquabot-Competitor/keikoBot/install/lib/qr_code_V2_pkg/wind_turbine_perimeter
